node.exe : PASS tests/google.test.js (15.276 s)
Au caractère Ligne:1 : 1
+ & "C:\Program Files\nodejs/node.exe" "C:\Program Files\nodejs/node_mo ...
+ ~~~~~~~~~~~~~~~~~~~~~~~~~~~~~~~~~~~~~~~~~~~~~~~~~~~~~~~~~~~~~~~~~~~~~
    + CategoryInfo          : NotSpecified: (PASS tests/google.test.js (15.276 
    s):String) [], RemoteException
    + FullyQualifiedErrorId : NativeCommandError
 
  ÔùÅ Console

    console.error
      [getBusinessInfo] Error: Token Google invalide ou expir├®

    [0m [90m 47 |[39m     [36mconst[39m isProd [33m=[39m 
process[33m.[39menv[33m.[39m[33mNODE_ENV[39m [33m===[39m 
[32m'production'[39m[33m;[39m
     [90m 48 |[39m
    [31m[1m>[22m[39m[90m 49 |[39m     
console[33m.[39merror([32m'[getBusinessInfo] Error:'[39m[33m,[39m 
error[33m.[39mmessage)[33m;[39m
     [90m    |[39m             [31m[1m^[22m[39m
     [90m 50 |[39m
     [90m 51 |[39m     [36mthrow[39m {
     [90m 52 |[39m       message[33m:[39m isProd [33m?[39m [32m'Erreur 
lors de la r├®cup├®ration des infos'[39m [33m:[39m 
error[33m.[39mmessage[33m,[39m[0m

      at Object.error [as getBusinessInfo] (src/services/google.js:49:13)
      at Object.<anonymous> (tests/google.test.js:49:5)

    console.error
      [getBusinessInfo] Error: Acc├¿s refus├® ├á ce compte Google Business

    [0m [90m 47 |[39m     [36mconst[39m isProd [33m=[39m 
process[33m.[39menv[33m.[39m[33mNODE_ENV[39m [33m===[39m 
[32m'production'[39m[33m;[39m
     [90m 48 |[39m
    [31m[1m>[22m[39m[90m 49 |[39m     
console[33m.[39merror([32m'[getBusinessInfo] Error:'[39m[33m,[39m 
error[33m.[39mmessage)[33m;[39m
     [90m    |[39m             [31m[1m^[22m[39m
     [90m 50 |[39m
     [90m 51 |[39m     [36mthrow[39m {
     [90m 52 |[39m       message[33m:[39m isProd [33m?[39m [32m'Erreur 
lors de la r├®cup├®ration des infos'[39m [33m:[39m 
error[33m.[39mmessage[33m,[39m[0m

      at Object.error [as getBusinessInfo] (src/services/google.js:49:13)
      at Object.<anonymous> (tests/google.test.js:63:5)

    console.error
      [getBusinessInfo] Error: Compte Google Business non trouv├®

    [0m [90m 47 |[39m     [36mconst[39m isProd [33m=[39m 
process[33m.[39menv[33m.[39m[33mNODE_ENV[39m [33m===[39m 
[32m'production'[39m[33m;[39m
     [90m 48 |[39m
    [31m[1m>[22m[39m[90m 49 |[39m     
console[33m.[39merror([32m'[getBusinessInfo] Error:'[39m[33m,[39m 
error[33m.[39mmessage)[33m;[39m
     [90m    |[39m             [31m[1m^[22m[39m
     [90m 50 |[39m
     [90m 51 |[39m     [36mthrow[39m {
     [90m 52 |[39m       message[33m:[39m isProd [33m?[39m [32m'Erreur 
lors de la r├®cup├®ration des infos'[39m [33m:[39m 
error[33m.[39mmessage[33m,[39m[0m

      at Object.error [as getBusinessInfo] (src/services/google.js:49:13)
      at Object.<anonymous> (tests/google.test.js:77:5)

    console.error
      [getBusinessInfo] Error: accessToken et accountId requis

    [0m [90m 47 |[39m     [36mconst[39m isProd [33m=[39m 
process[33m.[39menv[33m.[39m[33mNODE_ENV[39m [33m===[39m 
[32m'production'[39m[33m;[39m
     [90m 48 |[39m
    [31m[1m>[22m[39m[90m 49 |[39m     
console[33m.[39merror([32m'[getBusinessInfo] Error:'[39m[33m,[39m 
error[33m.[39mmessage)[33m;[39m
     [90m    |[39m             [31m[1m^[22m[39m
     [90m 50 |[39m
     [90m 51 |[39m     [36mthrow[39m {
     [90m 52 |[39m       message[33m:[39m isProd [33m?[39m [32m'Erreur 
lors de la r├®cup├®ration des infos'[39m [33m:[39m 
error[33m.[39mmessage[33m,[39m[0m

      at Object.error [as getBusinessInfo] (src/services/google.js:49:13)
      at Object.getBusinessInfo (tests/google.test.js:86:21)

    console.error
      [getReviews] Error: Acc├¿s refus├® ├á cet emplacement

    [0m [90m  99 |[39m     [36mconst[39m isProd [33m=[39m 
process[33m.[39menv[33m.[39m[33mNODE_ENV[39m [33m===[39m 
[32m'production'[39m[33m;[39m
     [90m 100 |[39m
    [31m[1m>[22m[39m[90m 101 |[39m     
console[33m.[39merror([32m'[getReviews] Error:'[39m[33m,[39m 
error[33m.[39mmessage)[33m;[39m
     [90m     |[39m             [31m[1m^[22m[39m
     [90m 102 |[39m
     [90m 103 |[39m     [36mthrow[39m {
     [90m 104 |[39m       message[33m:[39m isProd [33m?[39m [32m'Erreur 
lors de la r├®cup├®ration des avis'[39m [33m:[39m 
error[33m.[39mmessage[33m,[39m[0m

      at Object.error [as getReviews] (src/services/google.js:101:13)
      at Object.<anonymous> (tests/google.test.js:151:5)

    console.error
      [getReviews] Error: accessToken, accountId et locationId requis

    [0m [90m  99 |[39m     [36mconst[39m isProd [33m=[39m 
process[33m.[39menv[33m.[39m[33mNODE_ENV[39m [33m===[39m 
[32m'production'[39m[33m;[39m
     [90m 100 |[39m
    [31m[1m>[22m[39m[90m 101 |[39m     
console[33m.[39merror([32m'[getReviews] Error:'[39m[33m,[39m 
error[33m.[39mmessage)[33m;[39m
     [90m     |[39m             [31m[1m^[22m[39m
     [90m 102 |[39m
     [90m 103 |[39m     [36mthrow[39m {
     [90m 104 |[39m       message[33m:[39m isProd [33m?[39m [32m'Erreur 
lors de la r├®cup├®ration des avis'[39m [33m:[39m 
error[33m.[39mmessage[33m,[39m[0m

      at Object.error [as getReviews] (src/services/google.js:101:13)
      at Object.getReviews (tests/google.test.js:160:21)

    console.error
      [postReviewReply] Error: Le texte de la r├®ponse ne peut pas ├¬tre vide

    [0m [90m 159 |[39m     [36mconst[39m isProd [33m=[39m 
process[33m.[39menv[33m.[39m[33mNODE_ENV[39m [33m===[39m 
[32m'production'[39m[33m;[39m
     [90m 160 |[39m
    [31m[1m>[22m[39m[90m 161 |[39m     
console[33m.[39merror([32m'[postReviewReply] Error:'[39m[33m,[39m 
error[33m.[39mmessage)[33m;[39m
     [90m     |[39m             [31m[1m^[22m[39m
     [90m 162 |[39m
     [90m 163 |[39m     [36mthrow[39m {
     [90m 164 |[39m       message[33m:[39m isProd [33m?[39m [32m'Erreur 
lors de la publication de la r├®ponse'[39m [33m:[39m 
error[33m.[39mmessage[33m,[39m[0m

      at Object.error [as postReviewReply] (src/services/google.js:161:13)
      at Object.postReviewReply (tests/google.test.js:194:21)

    console.error
      [postReviewReply] Error: Acc├¿s refus├® pour publier une r├®ponse

    [0m [90m 159 |[39m     [36mconst[39m isProd [33m=[39m 
process[33m.[39menv[33m.[39m[33mNODE_ENV[39m [33m===[39m 
[32m'production'[39m[33m;[39m
     [90m 160 |[39m
    [31m[1m>[22m[39m[90m 161 |[39m     
console[33m.[39merror([32m'[postReviewReply] Error:'[39m[33m,[39m 
error[33m.[39mmessage)[33m;[39m
     [90m     |[39m             [31m[1m^[22m[39m
     [90m 162 |[39m
     [90m 163 |[39m     [36mthrow[39m {
     [90m 164 |[39m       message[33m:[39m isProd [33m?[39m [32m'Erreur 
lors de la publication de la r├®ponse'[39m [33m:[39m 
error[33m.[39mmessage[33m,[39m[0m

      at Object.error [as postReviewReply] (src/services/google.js:161:13)
      at Object.<anonymous> (tests/google.test.js:213:5)

    console.error
      [postReviewReply] Error: Avis ou emplacement non trouv├®

    [0m [90m 159 |[39m     [36mconst[39m isProd [33m=[39m 
process[33m.[39menv[33m.[39m[33mNODE_ENV[39m [33m===[39m 
[32m'production'[39m[33m;[39m
     [90m 160 |[39m
    [31m[1m>[22m[39m[90m 161 |[39m     
console[33m.[39merror([32m'[postReviewReply] Error:'[39m[33m,[39m 
error[33m.[39mmessage)[33m;[39m
     [90m     |[39m             [31m[1m^[22m[39m
     [90m 162 |[39m
     [90m 163 |[39m     [36mthrow[39m {
     [90m 164 |[39m       message[33m:[39m isProd [33m?[39m [32m'Erreur 
lors de la publication de la r├®ponse'[39m [33m:[39m 
error[33m.[39mmessage[33m,[39m[0m

      at Object.error [as postReviewReply] (src/services/google.js:161:13)
      at Object.<anonymous> (tests/google.test.js:233:5)

    console.error
      [createPost] Error: Le contenu du post ne peut pas ├¬tre vide

    [0m [90m 222 |[39m     [36mconst[39m isProd [33m=[39m 
process[33m.[39menv[33m.[39m[33mNODE_ENV[39m [33m===[39m 
[32m'production'[39m[33m;[39m
     [90m 223 |[39m
    [31m[1m>[22m[39m[90m 224 |[39m     
console[33m.[39merror([32m'[createPost] Error:'[39m[33m,[39m 
error[33m.[39mmessage)[33m;[39m
     [90m     |[39m             [31m[1m^[22m[39m
     [90m 225 |[39m
     [90m 226 |[39m     [36mthrow[39m {
     [90m 227 |[39m       message[33m:[39m isProd [33m?[39m [32m'Erreur 
lors de la cr├®ation du post'[39m [33m:[39m 
error[33m.[39mmessage[33m,[39m[0m

      at Object.error [as createPost] (src/services/google.js:224:13)
      at Object.createPost (tests/google.test.js:281:21)

    console.error
      [createPost] Error: Le contenu du post ne peut pas ├¬tre vide

    [0m [90m 222 |[39m     [36mconst[39m isProd [33m=[39m 
process[33m.[39menv[33m.[39m[33mNODE_ENV[39m [33m===[39m 
[32m'production'[39m[33m;[39m
     [90m 223 |[39m
    [31m[1m>[22m[39m[90m 224 |[39m     
console[33m.[39merror([32m'[createPost] Error:'[39m[33m,[39m 
error[33m.[39mmessage)[33m;[39m
     [90m     |[39m             [31m[1m^[22m[39m
     [90m 225 |[39m
     [90m 226 |[39m     [36mthrow[39m {
     [90m 227 |[39m       message[33m:[39m isProd [33m?[39m [32m'Erreur 
lors de la cr├®ation du post'[39m [33m:[39m 
error[33m.[39mmessage[33m,[39m[0m

      at Object.error [as createPost] (src/services/google.js:224:13)
      at Object.createPost (tests/google.test.js:289:21)

    console.error
      [createPost] Error: Acc├¿s refus├® pour publier un post

    [0m [90m 222 |[39m     [36mconst[39m isProd [33m=[39m 
process[33m.[39menv[33m.[39m[33mNODE_ENV[39m [33m===[39m 
[32m'production'[39m[33m;[39m
     [90m 223 |[39m
    [31m[1m>[22m[39m[90m 224 |[39m     
console[33m.[39merror([32m'[createPost] Error:'[39m[33m,[39m 
error[33m.[39mmessage)[33m;[39m
     [90m     |[39m             [31m[1m^[22m[39m
     [90m 225 |[39m
     [90m 226 |[39m     [36mthrow[39m {
     [90m 227 |[39m       message[33m:[39m isProd [33m?[39m [32m'Erreur 
lors de la cr├®ation du post'[39m [33m:[39m 
error[33m.[39mmessage[33m,[39m[0m

      at Object.error [as createPost] (src/services/google.js:224:13)
      at Object.<anonymous> (tests/google.test.js:302:5)

    console.error
      [createPost] Error: Erreur serveur Google

    [0m [90m 222 |[39m     [36mconst[39m isProd [33m=[39m 
process[33m.[39menv[33m.[39m[33mNODE_ENV[39m [33m===[39m 
[32m'production'[39m[33m;[39m
     [90m 223 |[39m
    [31m[1m>[22m[39m[90m 224 |[39m     
console[33m.[39merror([32m'[createPost] Error:'[39m[33m,[39m 
error[33m.[39mmessage)[33m;[39m
     [90m     |[39m             [31m[1m^[22m[39m
     [90m 225 |[39m
     [90m 226 |[39m     [36mthrow[39m {
     [90m 227 |[39m       message[33m:[39m isProd [33m?[39m [32m'Erreur 
lors de la cr├®ation du post'[39m [33m:[39m 
error[33m.[39mmessage[33m,[39m[0m

      at Object.error [as createPost] (src/services/google.js:224:13)
      at Object.<anonymous> (tests/google.test.js:321:5)

    console.error
      [createPost] Error: accessToken, accountId et locationId requis

    [0m [90m 222 |[39m     [36mconst[39m isProd [33m=[39m 
process[33m.[39menv[33m.[39m[33mNODE_ENV[39m [33m===[39m 
[32m'production'[39m[33m;[39m
     [90m 223 |[39m
    [31m[1m>[22m[39m[90m 224 |[39m     
console[33m.[39merror([32m'[createPost] Error:'[39m[33m,[39m 
error[33m.[39mmessage)[33m;[39m
     [90m     |[39m             [31m[1m^[22m[39m
     [90m 225 |[39m
     [90m 226 |[39m     [36mthrow[39m {
     [90m 227 |[39m       message[33m:[39m isProd [33m?[39m [32m'Erreur 
lors de la cr├®ation du post'[39m [33m:[39m 
error[33m.[39mmessage[33m,[39m[0m

      at Object.error [as createPost] (src/services/google.js:224:13)
      at Object.createPost (tests/google.test.js:335:21)

PASS tests/ai.test.js (19.46 s)
  ÔùÅ Console

    console.error
      [generateReviewReply] Error: Le texte de l'avis ne peut pas ├¬tre vide

    [0m [90m 76 |[39m     [36mconst[39m isProd [33m=[39m 
process[33m.[39menv[33m.[39m[33mNODE_ENV[39m [33m===[39m 
[32m'production'[39m[33m;[39m
     [90m 77 |[39m
    [31m[1m>[22m[39m[90m 78 |[39m     
console[33m.[39merror([32m'[generateReviewReply] Error:'[39m[33m,[39m 
error[33m.[39mmessage)[33m;[39m
     [90m    |[39m             [31m[1m^[22m[39m
     [90m 79 |[39m
     [90m 80 |[39m     [36mthrow[39m {
     [90m 81 |[39m       message[33m:[39m isProd [33m?[39m [32m'Erreur 
lors de la g├®n├®ration de la r├®ponse'[39m [33m:[39m 
error[33m.[39mmessage[33m,[39m[0m

      at Object.error [as generateReviewReply] (src/services/ai.js:78:13)
      at Object.generateReviewReply (tests/ai.test.js:76:17)

    console.error
      [generateReviewReply] Error: Le nom du commerce est requis

    [0m [90m 76 |[39m     [36mconst[39m isProd [33m=[39m 
process[33m.[39menv[33m.[39m[33mNODE_ENV[39m [33m===[39m 
[32m'production'[39m[33m;[39m
     [90m 77 |[39m
    [31m[1m>[22m[39m[90m 78 |[39m     
console[33m.[39merror([32m'[generateReviewReply] Error:'[39m[33m,[39m 
error[33m.[39mmessage)[33m;[39m
     [90m    |[39m             [31m[1m^[22m[39m
     [90m 79 |[39m
     [90m 80 |[39m     [36mthrow[39m {
     [90m 81 |[39m       message[33m:[39m isProd [33m?[39m [32m'Erreur 
lors de la g├®n├®ration de la r├®ponse'[39m [33m:[39m 
error[33m.[39mmessage[33m,[39m[0m

      at Object.error [as generateReviewReply] (src/services/ai.js:78:13)
      at Object.generateReviewReply (tests/ai.test.js:84:17)

    console.error
      [generateReviewReply] Error: Le type de commerce est requis

    [0m [90m 76 |[39m     [36mconst[39m isProd [33m=[39m 
process[33m.[39menv[33m.[39m[33mNODE_ENV[39m [33m===[39m 
[32m'production'[39m[33m;[39m
     [90m 77 |[39m
    [31m[1m>[22m[39m[90m 78 |[39m     
console[33m.[39merror([32m'[generateReviewReply] Error:'[39m[33m,[39m 
error[33m.[39mmessage)[33m;[39m
     [90m    |[39m             [31m[1m^[22m[39m
     [90m 79 |[39m
     [90m 80 |[39m     [36mthrow[39m {
     [90m 81 |[39m       message[33m:[39m isProd [33m?[39m [32m'Erreur 
lors de la g├®n├®ration de la r├®ponse'[39m [33m:[39m 
error[33m.[39mmessage[33m,[39m[0m

      at Object.error [as generateReviewReply] (src/services/ai.js:78:13)
      at Object.generateReviewReply (tests/ai.test.js:92:17)

    console.error
      [generateReviewReply] Error: API Anthropic indisponible

    [0m [90m 76 |[39m     [36mconst[39m isProd [33m=[39m 
process[33m.[39menv[33m.[39m[33mNODE_ENV[39m [33m===[39m 
[32m'production'[39m[33m;[39m
     [90m 77 |[39m
    [31m[1m>[22m[39m[90m 78 |[39m     
console[33m.[39merror([32m'[generateReviewReply] Error:'[39m[33m,[39m 
error[33m.[39mmessage)[33m;[39m
     [90m    |[39m             [31m[1m^[22m[39m
     [90m 79 |[39m
     [90m 80 |[39m     [36mthrow[39m {
     [90m 81 |[39m       message[33m:[39m isProd [33m?[39m [32m'Erreur 
lors de la g├®n├®ration de la r├®ponse'[39m [33m:[39m 
error[33m.[39mmessage[33m,[39m[0m

      at Object.error [as generateReviewReply] (src/services/ai.js:78:13)
      at Object.<anonymous> (tests/ai.test.js:103:5)

    console.error
      [generateWeeklyPost] Error: Le nom du commerce est requis

    [0m [90m 152 |[39m     [36mconst[39m isProd [33m=[39m 
process[33m.[39menv[33m.[39m[33mNODE_ENV[39m [33m===[39m 
[32m'production'[39m[33m;[39m
     [90m 153 |[39m
    [31m[1m>[22m[39m[90m 154 |[39m     
console[33m.[39merror([32m'[generateWeeklyPost] Error:'[39m[33m,[39m 
error[33m.[39mmessage)[33m;[39m
     [90m     |[39m             [31m[1m^[22m[39m
     [90m 155 |[39m
     [90m 156 |[39m     [36mthrow[39m {
     [90m 157 |[39m       message[33m:[39m isProd [33m?[39m [32m'Erreur 
lors de la g├®n├®ration du post'[39m [33m:[39m 
error[33m.[39mmessage[33m,[39m[0m

      at Object.error [as generateWeeklyPost] (src/services/ai.js:154:13)
      at Object.generateWeeklyPost (tests/ai.test.js:202:17)

    console.error
      [generateWeeklyPost] Error: Le type de commerce est requis

    [0m [90m 152 |[39m     [36mconst[39m isProd [33m=[39m 
process[33m.[39menv[33m.[39m[33mNODE_ENV[39m [33m===[39m 
[32m'production'[39m[33m;[39m
     [90m 153 |[39m
    [31m[1m>[22m[39m[90m 154 |[39m     
console[33m.[39merror([32m'[generateWeeklyPost] Error:'[39m[33m,[39m 
error[33m.[39mmessage)[33m;[39m
     [90m     |[39m             [31m[1m^[22m[39m
     [90m 155 |[39m
     [90m 156 |[39m     [36mthrow[39m {
     [90m 157 |[39m       message[33m:[39m isProd [33m?[39m [32m'Erreur 
lors de la g├®n├®ration du post'[39m [33m:[39m 
error[33m.[39mmessage[33m,[39m[0m

      at Object.error [as generateWeeklyPost] (src/services/ai.js:154:13)
      at Object.generateWeeklyPost (tests/ai.test.js:210:17)

    console.error
      [generateWeeklyPost] Error: Erreur de quota API

    [0m [90m 152 |[39m     [36mconst[39m isProd [33m=[39m 
process[33m.[39menv[33m.[39m[33mNODE_ENV[39m [33m===[39m 
[32m'production'[39m[33m;[39m
     [90m 153 |[39m
    [31m[1m>[22m[39m[90m 154 |[39m     
console[33m.[39merror([32m'[generateWeeklyPost] Error:'[39m[33m,[39m 
error[33m.[39mmessage)[33m;[39m
     [90m     |[39m             [31m[1m^[22m[39m
     [90m 155 |[39m
     [90m 156 |[39m     [36mthrow[39m {
     [90m 157 |[39m       message[33m:[39m isProd [33m?[39m [32m'Erreur 
lors de la g├®n├®ration du post'[39m [33m:[39m 
error[33m.[39mmessage[33m,[39m[0m

      at Object.error [as generateWeeklyPost] (src/services/ai.js:154:13)
      at Object.<anonymous> (tests/ai.test.js:221:5)

(node:53000) [DEP0169] DeprecationWarning: `url.parse()` behavior is not 
standardized and prone to errors that have security implications. Use the 
WHATWG URL API instead. CVEs are not issued for `url.parse()` vulnerabilities.
(Use `node --trace-deprecation ...` to show where the warning was created)
PASS tests/auth.test.js (35.643 s)
  ÔùÅ Console

    console.error
      [verifyToken] Error: invalid token

    [0m [90m 21 |[39m     [36mconst[39m isDev [33m=[39m 
process[33m.[39menv[33m.[39m[33mNODE_ENV[39m [33m===[39m 
[32m'development'[39m[33m;[39m
     [90m 22 |[39m
    [31m[1m>[22m[39m[90m 23 |[39m     
console[33m.[39merror([32m'[verifyToken] Error:'[39m[33m,[39m 
error[33m.[39mmessage)[33m;[39m
     [90m    |[39m             [31m[1m^[22m[39m
     [90m 24 |[39m
     [90m 25 |[39m     [36mif[39m (error[33m.[39mname [33m===[39m 
[32m'TokenExpiredError'[39m) {
     [90m 26 |[39m       [36mreturn[39m 
res[33m.[39mstatus([35m401[39m)[33m.[39mjson({[0m

      at error (src/middleware/auth.js:23:13)
      at Layer.handle [as handle_request] 
(node_modules/express/lib/router/layer.js:95:5)
      at next (node_modules/express/lib/router/route.js:144:13)
      at Route.dispatch (node_modules/express/lib/router/route.js:114:3)
      at Layer.handle [as handle_request] 
(node_modules/express/lib/router/layer.js:95:5)
      at node_modules/express/lib/router/index.js:284:15
      at router.process_params 
(node_modules/express/lib/router/index.js:346:12)
      at next (node_modules/express/lib/router/index.js:280:10)
      at router.handle (node_modules/express/lib/router/index.js:175:3)
      at router (node_modules/express/lib/router/index.js:47:12)
      at Layer.handle [as handle_request] 
(node_modules/express/lib/router/layer.js:95:5)
      at trim_prefix (node_modules/express/lib/router/index.js:328:13)
      at node_modules/express/lib/router/index.js:286:9
      at router.process_params 
(node_modules/express/lib/router/index.js:346:12)
      at next (node_modules/express/lib/router/index.js:280:10)
      at jsonParser (node_modules/body-parser/lib/types/json.js:110:7)
      at Layer.handle [as handle_request] 
(node_modules/express/lib/router/layer.js:95:5)
      at trim_prefix (node_modules/express/lib/router/index.js:328:13)
      at node_modules/express/lib/router/index.js:286:9
      at router.process_params 
(node_modules/express/lib/router/index.js:346:12)
      at next (node_modules/express/lib/router/index.js:280:10)
      at expressInit (node_modules/express/lib/middleware/init.js:40:5)
      at Layer.handle [as handle_request] 
(node_modules/express/lib/router/layer.js:95:5)
      at trim_prefix (node_modules/express/lib/router/index.js:328:13)
      at node_modules/express/lib/router/index.js:286:9
      at router.process_params 
(node_modules/express/lib/router/index.js:346:12)
      at next (node_modules/express/lib/router/index.js:280:10)
      at query (node_modules/express/lib/middleware/query.js:45:5)
      at Layer.handle [as handle_request] 
(node_modules/express/lib/router/layer.js:95:5)
      at trim_prefix (node_modules/express/lib/router/index.js:328:13)
      at node_modules/express/lib/router/index.js:286:9
      at router.process_params 
(node_modules/express/lib/router/index.js:346:12)
      at next (node_modules/express/lib/router/index.js:280:10)
      at router.handle (node_modules/express/lib/router/index.js:175:3)
      at app.handle (node_modules/express/lib/application.js:181:10)
      at Server.app (node_modules/express/lib/express.js:39:9)

    console.error
      [verifyToken] Error: jwt expired

    [0m [90m 21 |[39m     [36mconst[39m isDev [33m=[39m 
process[33m.[39menv[33m.[39m[33mNODE_ENV[39m [33m===[39m 
[32m'development'[39m[33m;[39m
     [90m 22 |[39m
    [31m[1m>[22m[39m[90m 23 |[39m     
console[33m.[39merror([32m'[verifyToken] Error:'[39m[33m,[39m 
error[33m.[39mmessage)[33m;[39m
     [90m    |[39m             [31m[1m^[22m[39m
     [90m 24 |[39m
     [90m 25 |[39m     [36mif[39m (error[33m.[39mname [33m===[39m 
[32m'TokenExpiredError'[39m) {
     [90m 26 |[39m       [36mreturn[39m 
res[33m.[39mstatus([35m401[39m)[33m.[39mjson({[0m

      at error (src/middleware/auth.js:23:13)
      at Layer.handle [as handle_request] 
(node_modules/express/lib/router/layer.js:95:5)
      at next (node_modules/express/lib/router/route.js:144:13)
      at Route.dispatch (node_modules/express/lib/router/route.js:114:3)
      at Layer.handle [as handle_request] 
(node_modules/express/lib/router/layer.js:95:5)
      at node_modules/express/lib/router/index.js:284:15
      at router.process_params 
(node_modules/express/lib/router/index.js:346:12)
      at next (node_modules/express/lib/router/index.js:280:10)
      at router.handle (node_modules/express/lib/router/index.js:175:3)
      at router (node_modules/express/lib/router/index.js:47:12)
      at Layer.handle [as handle_request] 
(node_modules/express/lib/router/layer.js:95:5)
      at trim_prefix (node_modules/express/lib/router/index.js:328:13)
      at node_modules/express/lib/router/index.js:286:9
      at router.process_params 
(node_modules/express/lib/router/index.js:346:12)
      at next (node_modules/express/lib/router/index.js:280:10)
      at jsonParser (node_modules/body-parser/lib/types/json.js:110:7)
      at Layer.handle [as handle_request] 
(node_modules/express/lib/router/layer.js:95:5)
      at trim_prefix (node_modules/express/lib/router/index.js:328:13)
      at node_modules/express/lib/router/index.js:286:9
      at router.process_params 
(node_modules/express/lib/router/index.js:346:12)
      at next (node_modules/express/lib/router/index.js:280:10)
      at expressInit (node_modules/express/lib/middleware/init.js:40:5)
      at Layer.handle [as handle_request] 
(node_modules/express/lib/router/layer.js:95:5)
      at trim_prefix (node_modules/express/lib/router/index.js:328:13)
      at node_modules/express/lib/router/index.js:286:9
      at router.process_params 
(node_modules/express/lib/router/index.js:346:12)
      at next (node_modules/express/lib/router/index.js:280:10)
      at query (node_modules/express/lib/middleware/query.js:45:5)
      at Layer.handle [as handle_request] 
(node_modules/express/lib/router/layer.js:95:5)
      at trim_prefix (node_modules/express/lib/router/index.js:328:13)
      at node_modules/express/lib/router/index.js:286:9
      at router.process_params 
(node_modules/express/lib/router/index.js:346:12)
      at next (node_modules/express/lib/router/index.js:280:10)
      at router.handle (node_modules/express/lib/router/index.js:175:3)
      at app.handle (node_modules/express/lib/application.js:181:10)
      at Server.app (node_modules/express/lib/express.js:39:9)


Test Suites: 3 passed, 3 total
Tests:       46 passed, 46 total
Snapshots:   0 total
Time:        38.759 s
Ran all test suites.
